2026-08-23T02:58:03Z # hardline apply profile=starter-secure-ubuntu-24.04-lts host=203.0.113.10 version=0.1.2 time=2026-08-23T02:58:03Z
2026-08-23T02:58:03Z plugins: loading 1 external plugin(s) from "/home/user/hardline/tmp/plugins" — these run as root and are not signature-verified; ensure this directory is not world-writable
2026-08-23T02:58:03Z == PHASE: VERIFY ==
2026-08-23T02:58:03Z profile verification passed
2026-08-23T02:58:03Z == PHASE: PLAN ==
2026-08-23T02:58:03Z Planning starter-secure-ubuntu-24.04-lts on 203.0.113.10
2026-08-23T02:58:07Z 
2026-08-23T02:58:07Z HARDLINE PLAN
2026-08-23T02:58:07Z Profile : Starter Secure Ubuntu 24.04 LTS
2026-08-23T02:58:07Z Version : 1.0.0
2026-08-23T02:58:07Z Target  : 203.0.113.10 (ubuntu 24.04)
2026-08-23T02:58:07Z ------------------------------------------------------------
2026-08-23T02:58:07Z 
2026-08-23T02:58:22Z Inspecting 01/23 packages-starter-secure [packages_apt] 
2026-08-23T02:58:22Z   CHANGE PLANNED  Update package index; upgrade 11 package(s); install: auditd, fail2ban; install 4 dependency package(s); purge: telnet, ftp; autoremove (none currently; may change after upgrade)
2026-08-23T02:58:22Z     change: package index metadata: current -> refreshed from configured repositories
2026-08-23T02:58:22Z     change: package "console-setup-linux": installed -> upgraded
2026-08-23T02:58:22Z     change: package "console-setup": installed -> upgraded
2026-08-23T02:58:22Z     change: package "keyboard-configuration": installed -> upgraded
2026-08-23T02:58:22Z     change: package "open-vm-tools": installed -> upgraded
2026-08-23T02:58:22Z     change: package "vim": installed -> upgraded
2026-08-23T02:58:22Z     change: package "vim-common": installed -> upgraded
2026-08-23T02:58:22Z     change: package "vim-tiny": installed -> upgraded
2026-08-23T02:58:22Z     change: package "vim-runtime": installed -> upgraded
2026-08-23T02:58:22Z     change: package "xxd": installed -> upgraded
2026-08-23T02:58:22Z     change: package "wget": installed -> upgraded
2026-08-23T02:58:22Z     change: package "snapd": installed -> upgraded
2026-08-23T02:58:22Z     change: package "auditd": absent -> installed
2026-08-23T02:58:22Z     change: package "fail2ban": absent -> installed
2026-08-23T02:58:22Z     change: package "libauparse0t64": absent -> installed (dependency)
2026-08-23T02:58:22Z     change: package "python3-pyasyncore": absent -> installed (dependency)
2026-08-23T02:58:22Z     change: package "python3-pyinotify": absent -> installed (dependency)
2026-08-23T02:58:22Z     change: package "whois": absent -> installed (dependency)
2026-08-23T02:58:22Z     change: package "telnet": installed -> purged
2026-08-23T02:58:22Z     change: package "ftp": installed -> purged
2026-08-23T02:58:23Z Inspecting 02/23 sshd-config-perms [file_meta] 
2026-08-23T02:58:23Z   CHANGE PLANNED  Set metadata on "/etc/ssh/sshd_config" (mode=600 owner=root group=root attrs="")
2026-08-23T02:58:23Z     change: mode "/etc/ssh/sshd_config": 644 -> 600
2026-08-23T02:58:25Z Inspecting 03/23 ssh-policy [ssh] 
2026-08-23T02:58:25Z   CHANGE PLANNED  Write the sshd policy to /etc/ssh/sshd_config.d/00-hardline-ssh.conf and reload ssh so it takes effect
2026-08-23T02:58:25Z     change: file "/etc/ssh/sshd_config.d/00-hardline-ssh.conf": created -> rendered sshd policy
2026-08-23T02:58:25Z     change: sshd policy: reload ssh to take 6 keyword(s)
2026-08-23T02:58:26Z Inspecting 04/23 ssh-service-enabled [service] 
2026-08-23T02:58:26Z   ALREADY ALIGNED Enable ssh at boot
2026-08-23T02:58:27Z Inspecting 05/23 unattended-upgrades-auto [template] 
2026-08-23T02:58:27Z   CHANGE PLANNED  Write rendered configuration from "templates/15-unattended-upgrades.tmpl" to "/etc/apt/apt.conf.d/99-hardline-auto-upgrades.conf" with mode 0644
2026-08-23T02:58:27Z     change: file "/etc/apt/apt.conf.d/99-hardline-auto-upgrades.conf": absent -> present (mode 644)
2026-08-23T02:58:27Z     change: +APT::Periodic::Update-Package-Lists "1";
2026-08-23T02:58:27Z     change: +APT::Periodic::Download-Upgradeable-Packages "1";
2026-08-23T02:58:27Z     change: +APT::Periodic::AutocleanInterval "7";
2026-08-23T02:58:27Z     change: +APT::Periodic::Unattended-Upgrade "1";
2026-08-23T02:58:27Z Inspecting 06/23 sysctl-hardening-template [template] 
2026-08-23T02:58:27Z   CHANGE PLANNED  Write rendered configuration from "templates/20-sysctl-hardening.conf.tmpl" to "/etc/sysctl.d/99-hardline-hardening.conf" with mode 0644
2026-08-23T02:58:27Z     change: file "/etc/sysctl.d/99-hardline-hardening.conf": absent -> present (mode 644)
2026-08-23T02:58:27Z     change: +net.ipv4.ip_forward = 0
2026-08-23T02:58:27Z     change: +net.ipv4.conf.all.rp_filter = 1
2026-08-23T02:58:27Z     change: +net.ipv4.conf.default.rp_filter = 1
2026-08-23T02:58:27Z     change: +net.ipv4.conf.all.accept_redirects = 0
2026-08-23T02:58:27Z     change: +net.ipv4.conf.default.accept_redirects = 0
2026-08-23T02:58:27Z     change: +net.ipv4.conf.all.secure_redirects = 0
2026-08-23T02:58:27Z     change: +net.ipv4.conf.default.secure_redirects = 0
2026-08-23T02:58:27Z     change: +net.ipv4.icmp_echo_ignore_broadcasts = 1
2026-08-23T02:58:27Z     change: +kernel.kptr_restrict = 2
2026-08-23T02:58:27Z     change: +kernel.dmesg_restrict = 1
2026-08-23T02:58:27Z     change: +fs.protected_hardlinks = 1
2026-08-23T02:58:27Z     change: +fs.protected_symlinks = 1
2026-08-23T02:58:28Z Inspecting 07/23 sysctl-apply [service] 
2026-08-23T02:58:28Z   CHANGE PLANNED  Restart systemd-sysctl
2026-08-23T02:58:28Z     change: service: restart systemd-sysctl (currently active)
2026-08-23T02:58:29Z Inspecting 08/23 timesyncd-enable [service] 
2026-08-23T02:58:29Z   ALREADY ALIGNED Enable chrony at boot; ensure chrony is started
2026-08-23T02:58:32Z Inspecting 09/23 firewall-default-deny [firewall] 
2026-08-23T02:58:32Z   CHANGE PLANNED  Manage nftables table inet filter in "/etc/nftables.d/99-hardline-firewall.nft" (1 policy entries, 6 rules)
2026-08-23T02:58:32Z     change: file "/etc/nftables.d/99-hardline-firewall.nft": absent -> present (mode 644)
2026-08-23T02:58:32Z     change: +table inet filter {
2026-08-23T02:58:32Z     change: + chain input {
2026-08-23T02:58:32Z     change: + type filter hook input priority 0;
2026-08-23T02:58:32Z     change: + policy drop;
2026-08-23T02:58:32Z     change: +
2026-08-23T02:58:32Z     change: + iif "lo" accept
2026-08-23T02:58:32Z     change: + ct state invalid drop
2026-08-23T02:58:32Z     change: + ct state established,related accept
2026-08-23T02:58:32Z     change: + tcp dport 22 accept
2026-08-23T02:58:32Z     change: + ip protocol icmp accept
2026-08-23T02:58:32Z     change: + ip6 nexthdr icmpv6 accept
2026-08-23T02:58:32Z     change: + }
2026-08-23T02:58:32Z     change: +}
2026-08-23T02:58:32Z     change: chain input policy: accept -> drop
2026-08-23T02:58:32Z     change: file "/etc/nftables.conf": add include "include \"/etc/nftables.d/99-hardline-firewall.nft\"" (apply will patch)
2026-08-23T02:58:33Z Inspecting 10/23 firewall-service-enabled [service] 
2026-08-23T02:58:33Z   CHANGE PLANNED  Enable nftables at boot; ensure nftables is started
2026-08-23T02:58:33Z     change: service enablement: disabled or not-found -> enabled
2026-08-23T02:58:33Z     change: service activity: inactive or not-found -> active
2026-08-23T02:58:33Z Inspecting 11/23 fail2ban-ssh-config [template] 
2026-08-23T02:58:33Z   CHANGE PLANNED  Write rendered configuration from "templates/35-fail2ban-ssh-protection.tmpl" to "/etc/fail2ban/jail.d/99-hardline-ssh.conf" with mode 0644
2026-08-23T02:58:33Z     change: file "/etc/fail2ban/jail.d/99-hardline-ssh.conf": absent -> present (mode 644)
2026-08-23T02:58:33Z     change: +[sshd]
2026-08-23T02:58:33Z     change: +enabled = true
2026-08-23T02:58:33Z     change: +maxretry = 5
2026-08-23T02:58:33Z     change: +findtime = 600
2026-08-23T02:58:33Z     change: +bantime = 3600
2026-08-23T02:58:34Z Inspecting 12/23 fail2ban-service-enable [service] 
2026-08-23T02:58:34Z   CHANGE PLANNED  Enable fail2ban at boot; ensure fail2ban is started
2026-08-23T02:58:34Z     change: service enablement: disabled or not-found -> enabled
2026-08-23T02:58:34Z     change: service activity: inactive or not-found -> active
2026-08-23T02:58:36Z Inspecting 13/23 auditd-service-enable [service] 
2026-08-23T02:58:36Z   CHANGE PLANNED  Enable auditd at boot; ensure auditd is started
2026-08-23T02:58:36Z     change: service enablement: disabled or not-found -> enabled
2026-08-23T02:58:36Z     change: service activity: inactive or not-found -> active
2026-08-23T02:58:43Z Inspecting 14/23 auditd-rules [audit] 
2026-08-23T02:58:43Z   NEEDS ATTENTION Write the audit rules to /etc/audit/rules.d/99-hardline.rules and load them into the running kernel policy
2026-08-23T02:58:43Z     change: file "/etc/audit/rules.d/99-hardline.rules": created -> rendered audit rules
2026-08-23T02:58:43Z     change: audit policy: augenrules --load would load 14 missing rule(s)
2026-08-23T02:58:43Z     note: audit rules watch 1 path(s) that do not exist on this host: /etc/audit; auditctl refuses those rules and the whole load fails with them
2026-08-23T02:58:44Z Inspecting 15/23 journald-configure-persistence [template] 
2026-08-23T02:58:44Z   CHANGE PLANNED  Write rendered configuration from "templates/50-journald-hardening.conf.tmpl" to "/etc/systemd/journald.conf.d/99-hardline.conf" with mode 0644
2026-08-23T02:58:44Z     change: file "/etc/systemd/journald.conf.d/99-hardline.conf": absent -> present (mode 644)
2026-08-23T02:58:44Z     change: +[Journal]
2026-08-23T02:58:44Z     change: +Storage=persistent
2026-08-23T02:58:44Z     change: +Compress=yes
2026-08-23T02:58:44Z     change: +SystemMaxUse=512M
2026-08-23T02:58:44Z     change: +SystemKeepFree=50M
2026-08-23T02:58:44Z     change: +MaxRetentionSec=10day
2026-08-23T02:58:44Z     change: +MaxFileSec=1day
2026-08-23T02:58:44Z     change: +RateLimitIntervalSec=30s
2026-08-23T02:58:44Z     change: +RateLimitBurst=2000
2026-08-23T02:58:45Z Inspecting 16/23 journald-reload [service] 
2026-08-23T02:58:45Z   CHANGE PLANNED  Enable systemd-journald at boot; restart systemd-journald
2026-08-23T02:58:45Z     change: service: restart systemd-journald (currently active)
2026-08-23T02:58:46Z Inspecting 17/23 crontab-perms [file_meta] 
2026-08-23T02:58:46Z   CHANGE PLANNED  Set metadata on "/etc/crontab" (mode=600 owner=root group=root attrs="")
2026-08-23T02:58:46Z     change: mode "/etc/crontab": 644 -> 600
2026-08-23T02:58:48Z Inspecting 18/23 cron-d-perms [file_meta] 
2026-08-23T02:58:48Z   CHANGE PLANNED  Set metadata on "/etc/cron.d" (mode=700 owner=root group=root attrs="")
2026-08-23T02:58:48Z     change: mode "/etc/cron.d": 755 -> 700
2026-08-23T02:58:50Z Inspecting 19/23 cron-hourly-perms [file_meta] 
2026-08-23T02:58:50Z   CHANGE PLANNED  Set metadata on "/etc/cron.hourly" (mode=700 owner=root group=root attrs="")
2026-08-23T02:58:50Z     change: mode "/etc/cron.hourly": 755 -> 700
2026-08-23T02:58:51Z Inspecting 20/23 cron-daily-perms [file_meta] 
2026-08-23T02:58:51Z   CHANGE PLANNED  Set metadata on "/etc/cron.daily" (mode=700 owner=root group=root attrs="")
2026-08-23T02:58:51Z     change: mode "/etc/cron.daily": 755 -> 700
2026-08-23T02:58:53Z Inspecting 21/23 cron-weekly-perms [file_meta] 
2026-08-23T02:58:53Z   CHANGE PLANNED  Set metadata on "/etc/cron.weekly" (mode=700 owner=root group=root attrs="")
2026-08-23T02:58:53Z     change: mode "/etc/cron.weekly": 755 -> 700
2026-08-23T02:58:55Z Inspecting 22/23 cron-monthly-perms [file_meta] 
2026-08-23T02:58:55Z   CHANGE PLANNED  Set metadata on "/etc/cron.monthly" (mode=700 owner=root group=root attrs="")
2026-08-23T02:58:55Z     change: mode "/etc/cron.monthly": 755 -> 700
2026-08-23T02:58:56Z Inspecting 23/23 grub-cfg-perms [file_meta] 
2026-08-23T02:58:56Z   ALREADY ALIGNED "/boot/grub/grub.cfg" already has the desired metadata
2026-08-23T02:58:56Z SUMMARY
2026-08-23T02:58:56Z ------------------------------------------------------------
2026-08-23T02:58:56Z Steps inspected : 23
2026-08-23T02:58:56Z Already aligned : 3
2026-08-23T02:58:56Z Changes planned : 19
2026-08-23T02:58:56Z Needs attention : 1
2026-08-23T02:58:56Z Rollback        : IRREVERSIBLE (some changes cannot be undone)
2026-08-23T02:58:56Z 
2026-08-23T02:58:56Z No changes will be made until 'hardline apply' is executed.
2026-08-23T02:58:56Z 
2026-08-23T02:58:56Z CHANGES PLANNED
2026-08-23T02:58:56Z ------------------------------------------------------------
2026-08-23T02:58:56Z - packages-starter-secure: Update package index; upgrade 11 package(s); install: auditd, fail2ban; install 4 dependency package(s); purge: telnet, ftp; autoremove (none currently; may change after upgrade)
2026-08-23T02:58:56Z - sshd-config-perms: Set metadata on "/etc/ssh/sshd_config" (mode=600 owner=root group=root attrs="")
2026-08-23T02:58:56Z - ssh-policy: Write the sshd policy to /etc/ssh/sshd_config.d/00-hardline-ssh.conf and reload ssh so it takes effect
2026-08-23T02:58:56Z - unattended-upgrades-auto: Write rendered configuration from "templates/15-unattended-upgrades.tmpl" to "/etc/apt/apt.conf.d/99-hardline-auto-upgrades.conf" with mode 0644
2026-08-23T02:58:56Z - sysctl-hardening-template: Write rendered configuration from "templates/20-sysctl-hardening.conf.tmpl" to "/etc/sysctl.d/99-hardline-hardening.conf" with mode 0644
2026-08-23T02:58:56Z - sysctl-apply: Restart systemd-sysctl
2026-08-23T02:58:56Z - firewall-default-deny: Manage nftables table inet filter in "/etc/nftables.d/99-hardline-firewall.nft" (1 policy entries, 6 rules)
2026-08-23T02:58:56Z - firewall-service-enabled: Enable nftables at boot; ensure nftables is started
2026-08-23T02:58:56Z - fail2ban-ssh-config: Write rendered configuration from "templates/35-fail2ban-ssh-protection.tmpl" to "/etc/fail2ban/jail.d/99-hardline-ssh.conf" with mode 0644
2026-08-23T02:58:56Z - fail2ban-service-enable: Enable fail2ban at boot; ensure fail2ban is started
2026-08-23T02:58:56Z - auditd-service-enable: Enable auditd at boot; ensure auditd is started
2026-08-23T02:58:56Z - journald-configure-persistence: Write rendered configuration from "templates/50-journald-hardening.conf.tmpl" to "/etc/systemd/journald.conf.d/99-hardline.conf" with mode 0644
2026-08-23T02:58:56Z - journald-reload: Enable systemd-journald at boot; restart systemd-journald
2026-08-23T02:58:56Z - crontab-perms: Set metadata on "/etc/crontab" (mode=600 owner=root group=root attrs="")
2026-08-23T02:58:56Z - cron-d-perms: Set metadata on "/etc/cron.d" (mode=700 owner=root group=root attrs="")
2026-08-23T02:58:56Z - cron-hourly-perms: Set metadata on "/etc/cron.hourly" (mode=700 owner=root group=root attrs="")
2026-08-23T02:58:56Z - cron-daily-perms: Set metadata on "/etc/cron.daily" (mode=700 owner=root group=root attrs="")
2026-08-23T02:58:56Z - cron-weekly-perms: Set metadata on "/etc/cron.weekly" (mode=700 owner=root group=root attrs="")
2026-08-23T02:58:56Z - cron-monthly-perms: Set metadata on "/etc/cron.monthly" (mode=700 owner=root group=root attrs="")
2026-08-23T02:58:56Z 
2026-08-23T02:58:56Z NEEDS ATTENTION
2026-08-23T02:58:56Z ------------------------------------------------------------
2026-08-23T02:58:56Z - auditd-rules: audit rules watch 1 path(s) that do not exist on this host: /etc/audit; auditctl refuses those rules and the whole load fails with them
2026-08-23T02:58:56Z 
2026-08-23T02:58:56Z == PHASE: APPLY ==
2026-08-23T02:58:56Z apply starter-secure-ubuntu-24.04-lts
2026-08-23T03:00:28Z Applying 01/23 packages-starter-secure [packages_apt] ✓ CHANGED (1m26s)
2026-08-23T03:00:33Z Applying 02/23 sshd-config-perms [file_meta] ✓ CHANGED (5.3s)
2026-08-23T03:00:43Z Applying 03/23 ssh-policy [ssh] ✓ CHANGED (9.6s)
2026-08-23T03:00:46Z Applying 04/23 ssh-service-enabled [service] ✓ ALIGNED (2.7s)
2026-08-23T03:00:51Z Applying 05/23 unattended-upgrades-auto [template] ✓ CHANGED (5.8s)
2026-08-23T03:00:57Z Applying 06/23 sysctl-hardening-template [template] ✓ CHANGED (5.8s)
2026-08-23T03:01:00Z Applying 07/23 sysctl-apply [service] ✓ ALIGNED (2.8s)
2026-08-23T03:01:03Z Applying 08/23 timesyncd-enable [service] ✓ ALIGNED (3.3s)
2026-08-23T03:01:19Z Applying 09/23 firewall-default-deny [firewall] ✓ CHANGED (16.3s)
2026-08-23T03:01:24Z Applying 10/23 firewall-service-enabled [service] ✓ CHANGED (4.9s)
2026-08-23T03:01:30Z Applying 11/23 fail2ban-ssh-config [template] ✓ CHANGED (5.8s)
2026-08-23T03:01:33Z Applying 12/23 fail2ban-service-enable [service] ✓ ALIGNED (3.3s)
2026-08-23T03:01:37Z Applying 13/23 auditd-service-enable [service] ✓ ALIGNED (3.3s)
2026-08-23T03:01:51Z Applying 14/23 auditd-rules [audit] ✓ CHANGED (14.5s)
2026-08-23T03:01:57Z Applying 15/23 journald-configure-persistence [template] ✓ CHANGED (5.8s)
2026-08-23T03:02:00Z Applying 16/23 journald-reload [service] ✓ ALIGNED (3.4s)
2026-08-23T03:02:06Z Applying 17/23 crontab-perms [file_meta] ✓ CHANGED (5.4s)
2026-08-23T03:02:11Z Applying 18/23 cron-d-perms [file_meta] ✓ CHANGED (5.4s)
2026-08-23T03:02:16Z Applying 19/23 cron-hourly-perms [file_meta] ✓ CHANGED (5.4s)
2026-08-23T03:02:22Z Applying 20/23 cron-daily-perms [file_meta] ✓ CHANGED (5.4s)
2026-08-23T03:02:27Z Applying 21/23 cron-weekly-perms [file_meta] ✓ CHANGED (5.4s)
2026-08-23T03:02:33Z Applying 22/23 cron-monthly-perms [file_meta] ✓ CHANGED (5.4s)
2026-08-23T03:02:37Z Applying 23/23 grub-cfg-perms [file_meta] ✓ ALIGNED (4.8s)
2026-08-23T03:02:37Z 
2026-08-23T03:02:37Z APPLY COMPLETE
2026-08-23T03:02:37Z ------------------------------------------------------------
2026-08-23T03:02:37Z Profile  : Starter Secure Ubuntu 24.04 LTS
2026-08-23T03:02:37Z Version  : 1.0.0
2026-08-23T03:02:37Z Steps    : 23
2026-08-23T03:02:37Z Changed  : 16
2026-08-23T03:02:37Z Aligned  : 7
2026-08-23T03:02:37Z Duration : 3m36s
2026-08-23T03:02:37Z Rollback : IRREVERSIBLE for 1 step(s) (run 20260823T025901.458286205Z)
2026-08-23T03:02:37Z 
